version=1
-
left=1
top=1
right=46
bottom=46
light=1
monst=0
level=1
start=20,40
-
##############################################
#''''''###################''||||||||||||||||'#
#''''''#Le    #I  [      [==========||||||||'#
#''''''#l     [   ###+####''|||||||=====||||'#
#|'''''+      ##+##''''''||||||||||||||==|||'#
#||''''# hA   #'''''''''||||||||||||||||=|||'#
#|||'''#      #''''''''||||||||'''''*''|=|||'#
#||||''###+##[#'''''|||||||||'''''''''''=''''#
#|||||''''''======'||||||||'''''''''''''=''''#
#||||||###''=''*'============'''''''''''=''''#
#||||||# #''='**''||||||||''=###+#######=''|'#
#|||||##[###[#''''''|||||'''=#Lerr#DDDD#=''''#
#|||||#l    r#''''''''|||'''=###[##DDDD#=''|'#
#|||||#      ###'''''||||'''=+    #DDDD#=''''#
#|||### hA   [ #'''|||||''''=#p eL#    #=''|'#
#|||# [      #####'||||'''''=##[#####[##=''''#
#|||######[### eL#|*''''''''=[    #    #=''''#
#|||||#l     ]  l#***'''''''=#    #    #=''''#
#||####      #####'*'''''''==+    [  Ah+=''''#
#||#l [      #||||''''''''=='# h  #    #=''''#
#||#r #p    r[============='|##E###    [=''''#
#||#[####+####|||||''''''''||###########=''''#
#|||'|'''''''|||||'''''''''''|||||||''''=''''#
#||''|''''''''''''''''''''''''''|||||'''=''''#
#||'||''*''**'''*''**''***''*''''||||'''=''''#
#||'||'*'*'*'*'*'*'*'*''*''*'*'''|||||''=''''#
#||'||'***'**''*'*'**'''*''*'*''|||||'''=''''#
#||'||'*'*'*''''*''*'*''*'''*''''||||'''=''''#
#||'||''''''''''''''''''''''''''''''''''=''''#
#||'||''''''''''''''######+#######+####'=''''#
#||''||'''''''''''''#D [    p#p  h  p##'=''''#
#||''||||***''''''######     #  hAh  f#'=''''#
#|||'''||||**'''''#rrrr#     #   h   ##'=''''#
#||||'''||'|**''''+    [     [       P#'=''''#
#||||||'|||**'''''#l   ###+###       ##'=''''#
#||||'#[########''#Le  #'''''#  rrr   #'=''''#
#|||''#      eL#''######'''''#  rrr   #'=''''#
#||'''#[#####+##'''''''''''''#p rrr   #'=''''#
#|''''+  h  #''''''''''''''''#####+##[#'=''''#
#'''''#  A  #''''''''''''''''''''''''=''=''''#
#'''''#  r  G============================''''#
#'''''#######'''''''=''''''''''''''''''''''''#
#'''''''''''''''''''=''''''Y''|''''''''''''''#
#'''''''''''''''''''=''''''''''''''''''''''''#
#'''''''''''''''''''=''''''''''''''''''''''''#
####################@#########################
