version=1
-
left=1
top=1
right=42
bottom=42
light=1
monst=0
level=1
start=21,36
-
##########################################
#'''*''''''*''''''''''''''''*''''''''''''#
#'''''''''''''''''''''*''''''''''*'''''''#
#''''*''''''''*''''''''''''''''''''''''*'#
#''''''''''''''''''*''''''''''*''''''''''#
#'''*''''''*''''''''''''''''*'''''''##+###
#''''''''''''''''''''###+###'''''*''#p p##
#''''*''''''''*''''''#p h p#''''''''#   ##
#''''''''''''''''''*'# hAh #''*'''''#   ##
#'''''''####+#########  h  ##########   ##
#'''''''#I       [             p#p      ##
#'''''''#        #              [       ##
#'###+###[######[#p   p###########      ##
#'#l       #     ###f###'''''''''#      ##
#'#Led     #     #######'#######'##P#P# ##
#'##########d leL#'''''''# hAh #'######[##
#''''''''''###+###'#######  h  #'##''''''#
##########'''''''''[     [     #''''######
###      ###########     #     #######f###
##E      [     ##P##     #     #    [   ##
##E      #  A  [   #     #     [    #   ##
##E     I#     #   [     #     #    #   ##
##E   ######+###]######[###############[##
###leL#'''''''''='''''#        +========'#
###+###'####+###=######I       #=#########
#'''''''#p     #=#Leld#p   dleL#=#Lel hA##
###+#####  h   #=#rrrr##########=#  r   ##
##p     [      #=#            p+=+      ##
#####[######[###=#  ##[#########=###[#####
##  [ [  #=======#  #p  p#=======#     ]=#
##I # # I#=####[###]#    [=#####[#  r  #=#
#####[####=#p           h#=#     #     #=#
##Le    l#=#           hA#=#     [     #=#
#####+####=####+##########=###+#####+###=#
#'''''''''='''''''''''''''='''''''''''''=#
#'''''''''===============================#
#''''''''''''''''''''=''''''''''''''*''''#
#'''*''''''*'''''''''=''''''*''''''''''''#
#''''''''''''''''''''=*''''''''''*'''''''#
#''''*''''''''*''''''='''''''''''''''''*'#
#''''''''''''''''''*'=''''''''*''''''''''#
#####################@####################
