version=1
-
left=1
top=1
right=40
bottom=40
light=1
monst=0
level=1
start=21,36
-
MMMMMMMMMMMMMMMMMMMMMMMMMMMMMMMMMMMMMMMM
MMMMM''''''''''''''''''''''''''''''MMMMM
MMM'''''''!!!!!!!!''''''''''''n'''''''MM
MM'''''''''''''''''''|||||'''''''''''''M
M'''''''''!!!!!!!!'''''|||||''''''n''''M
M''''''''''''''''''''''''|||||'''''''''M
M'''''''''!!!!!!!!''''''''''|||||''''''M
M''''n'''''''''''''''''''''''''|||||'''M
M'''''''''!!!!!!!!''''''''''''#####+###M
M'''''''''''''''''''''''''''''[  l Le #M
M'n'''''''!!!!!!!!''''''''''''#   rrr #M
M'''''''''''''''''''''''''''''### rrr #M
M'''''''''''''''''''''|'''''''''+     #M
M'''####[###'''''''''|||''''''''#####{#M
M'''+Le    #''''''''||||''''''''''''# #M
M'''#l     #''''''''''|||'''''''''''# #M
M'''## rr  #'''''''''''||||'''''''''# #M
M''''# rr  ##########'''''''''''''''# #M
M''''#        [    h#''###+####'''''# #M
M''''##########    A#''##    p##+####[#M
M''''#             h#''##     [       #M
M''''##[######+######''#f     #########M
M''''''''''''''''''''''##     [       #M
M''''''''''''''''''''''##    p#       +M
M''''#######'''''''''''###+#####  p#####
M''''# hAh #'''''''''''''''''''#[###DDD#
##+###     #'''''''''''''''''''#    DDD#
#p   [     +''''''''''##+##''''#    ####
#    #     #''''''''''[  h#''''#    #''M
#Le l#     #''''''#####  h+''''+    [''M
#+######[###''''''#h     h#''''##+###''M
M'''''''''''''''''+h  #####''''''''''''M
M''''#########''''#h  [''''''''|||'''''M
M''''#D [    #''''##+##'''''''''|||''''M
M''''#### A  +'''''''''''''''''''|||'''M
MMM'''''# A  #''''''''''''''''''''''''MM
MMMM'|||# A  ['''''''''''''''''''''MMMMM
MMMMMM||######''''''''''''''''''MMMMMMMM
MMMMMMMM|''''''''''''''''''MMMMMMMMMMMMM
MMMMMMMMMMMMMMMMMMMM@MMMMMMMMMMMMMMMMMMM

left=1
top=9
right=40
bottom=38
light=1
ceiling=1
level=2
-
$$$$$$$$$$$$$$$$$$$$$$$$$$$$$$########$$
$$$$$$$$$$$$$$$$$$$$$$$$$$$$$$########$$
$$$$$$$$$$$$$$$$$$$$$$$$$$$$$$########$$
$$$$$$$$$$$$$$$$$$$$$$$$$$$$$$########$$
$$$$$$$$$$$$$$$$$$$$$$$$$$$$$$$$######$$
$$$$########$$$$$$$$$$$$$$$$$$$$######$$
$$$$########$$$$$$$$$$$$$$$$$$$$$$$###$$
$$$$########$$$$$$$$$$$$$$$$$$$$$$$###$$
$$$$########$$$$$$$$$$$$$$$$$$$$$$$###$$
$$$$$################$$$$$$$$$$$$$$###$$
$$$$$################$$########$$$$###$$
$$$$$################$$###############$$
$$$$$################$$###############$$
$$$$$################$$###############$$
$$$$$$$$$$$$$$$$$$$$$$$###############$$
$$$$$$$$$$$$$$$$$$$$$$$#############$$$$
$$$$$#######$$$$$$$$$$$#################
$$$$$#######$$$$$$$$$$$$$$$$$$$#########
############$$$$$$$$$$$$$$$$$$$#########
############$$$$$$$$$$#####$$$$#########
############$$$$$$$$$$#####$$$$######$$$
############$$$$$$#########$$$$######$$$
############$$$$$$#########$$$$######$$$
$$$$$$$$$$$$$$$$$$#########$$$$$$$$$$$$$
$$$$$#########$$$$#####$$$$$$$$$$$$$$$$$
$$$$$#########$$$$#####$$$$$$$$$$$$$$$$$
$$$$$#########$$$$$$$$$$$$$$$$$$$$$$$$$$
$$$$$$$$######$$$$$$$$$$$$$$$$$$$$$$$$$$
$$$$$$$$######$$$$$$$$$$$$$$$$$$$$$$$$$$
$$$$$$$$######$$$$$$$$$$$$$$$$$$$$$$$$$$
