version=1
-
top=1
left=1
bottom=41
right=43
light=0
monst=1
level=1
start=26,26
start=26,14
-
#####m###################################$$
#%  ] #       #           [             #$$
##### # ### # #[#########[#   ###########$$
# # # #   # # #   #   #   #   #         #$$
# # # # # # # #   #   #   #####   ##### #$$
#   # # # # # #   #   #     #     #   [ #$$
### # ### # # #[###   #   ###[###[#   # #$$
#   #   # # #   # [   [   #   #   #   # #$$
# ##### # # ##### #########   [   #   # #$$
#         # #     #   [   #   #   [   # #$$
# ### # #####[#[### ### ? ##m]#####   [ #$$
#   # #   #   #   # # #   ### X X # ### #$$
###########   #   # # ###]#%#     ### + #$$
# # [ # [ #   #   # #  #m #   X X S # #%#$$
# # # # # #   #   # #  ############ # ###$$
# [ # [ # [   #   # #       [ [   #T# #U#$$
# ################# #       # #   ### #S###
# #   [     #     [ #       # #     # S)SU#
# #   #     #     ##### ##### #     # #S###
# #   #     #     #   # #     #     # S)SU#
# #   ##### #     # # # # #####[#[#[# #S###
# [   #   # [     # # # # #     # # # #U#$$
# ##### # ######### # # # #     # # # #S#$$
# #     #   G #.#   #]# #[#     # # # #%#$$
### #########G#.# ### ### ####### # # ###$$
#   #  ) )  # #S# ##mo [ % [    [ # #   #$$
# ### # # # #     ####### #####[####### #$$
#   b # # # #######   # #[#   #       # #$$
### #)  U  )#         # [ #   #       # #$$
#   # # # # #         # # [   #       # #$$
# ### # # # ###[#####[#[#####[#     ### #$$
#   #  ) )  b # #   #   #     #     #   #$$
###G######### ### # #   #     #     # ###$$
m       #   #\#   # ##  #     #     # #U#$$
#X#####G# # ### ###  ####     #####[# #S#$$
# #   #   # #   ####    #           # S)#$$
# # # ##### # ####b## ? ############# #S#$$
# # #       #   #D  #   [ zt  [ #(SU# S)#$$
#o# ###########G#   ##### zzz # #S###G#S#$$
#\#             [  DSzz\#     #       P #$$
##################b######################$$

top=13
left=39
bottom=25
right=41
light=0
monst=1
level=0
-
###
#%#
# #
# #
# #
# #
# #
# #
# #
# #
# #
#%#
###

top=33
left=1
bottom=37
right=3
light=0
monst=1
level=0
-
###
#T#
# #
# #
###

top=11
left=27
bottom=15
right=35
light=0
monst=1
level=0
-
#########
### r r #
#%#     #
#   r r #
#########

top=1
left=1
bottom=41
right=43
light=0
ceiling=1
level=2
-
#########################################$$
#########################################$$
#########################################$$
#########################################$$
#########################################$$
#########################################$$
#########################################$$
#########################################$$
#########################################$$
#########################################$$
#########################################$$
#########################################$$
#########################################$$
#########################################$$
#########################################$$
#########################################$$
###########################################
###########################################
###########################################
###########################################
###########################################
#########################################$$
#########################################$$
#########################################$$
#########################################$$
#########################################$$
#########################################$$
#########################################$$
#########################################$$
#########################################$$
#########################################$$
#########################################$$
#########################################$$
#########################################$$
#########################################$$
#########################################$$
#########################################$$
#########################################$$
#########################################$$
#########################################$$
#########################################$$
#########################################$$
#########################################$$
#########################################$$
