version=1
-
top=1
left=1
bottom=41
right=41
light=0
monst=1
level=1
start=4,12
start=40,29
start=10,22
start=20,32
-
#############P###########################
#   S   #   # ]           [ x     #     #
## ## ### # # #S##S#####S## x xxx #   # #
## ##   S # S #    ##\S  ##   x   #   # #
## ## ### # # #########S#######]###]### #
## ##   # # # [       # # # S # ### #   #
##S############ ##### #S S S#S# #m# # # #
#               #     ##### # #     # # #
#################[###########S####### # #
#oX     # # #   t   #       # #   #   # #
# ##### #S#S# # ttt # ##### #S#S###[#####
# #$# #   #   #   t # #m  # # # T T T T #
# # #S### # #m### t # ### # #S#T T T T T#
# # [     # #####   #   # # #\# T T T T #
#X######### ########### # # #######]#####
#o        Xo###       #   # #           #
############### ##### ##### #           #
#         ##### #   # #     #           #
# #######       ### # # #######         #
# # # S # #####     # #       [         #
# #   # ###   ####### #########         #
# ### # #r# #   # \ # #     #######[#####
# #   # # # ### # # # # ### #####'''''''#
# S # # # # ### > G S # # ] #   #'''''''#
# ##### # # ### ##### # # #m# # #'''''''#
# #     # #   #     #t# #%### # ###m#####
#]# ### #S### ####S## # ###   # #########
#]# #m# #   #   ## m# #>#   ###   #'''''#
#]# ### # # ##   #### #G# ####### #'''''#
#]#     # #  ###      #>#   ##### #'''''#
# ### ### ## ##########G### ##### #[#####
# ZT# #   #     #r# ###     #     #     #
# ### # ####### # # ###BBB### ########  #
# # # #       # S #   #####   #      #  #
# # # ###S### ####### ##### ### #[####  #
# #     # #   #     #     #   # #       #
# #######r# ###[### ##### ### # ######  #
# #r    ### #T   T# ]   #     # S    #  #
# #####S#   #     ##m   ####### ######  #
#         # #T   T###           #       #
#########################################

top=1
left=1
bottom=6
right=35
light=0
monst=1
level=0
start=2,2
-
###################################
#             ]          t[       #
###############S##S#####S##       #
$$$$$$$$$$$$$$$           #       #
$$$$$$$$$$$$$$$$$$$$$$$$$$#####]###
$$$$$$$$$$$$$$$$$$$$$$$$$$$$$$###$$

top=9
left=1
bottom=17
right=12
light=0
monst=1
level=0
start=3,10
start=2,16
start=11,16
-
$#####$$$$$$
$#r T#$$$$$$
$#####$$$$$$
$$$$$$$$$$$$
###$$$$$###$
#T#$$$$$#\#$
#r#$$$$##S##
# #$$$$#T r#
#b#$$$$#####

top=1
left=1
bottom=41
right=41
light=0
ceiling=1
level=2
-
#########################################
#########################################
#########################################
#########################################
#########################################
#########################################
#########################################
#########################################
#########################################
#########################################
#########################################
#########################################
#########################################
#########################################
#########################################
#########################################
#########################################
#########################################
#########################################
#########################################
#########################################
#########################################
#########################################
#########################################
#########################################
#########################################
#########################################
#########################################
#########################################
#########################################
#########################################
#########################################
#########################################
#########################################
#########################################
#########################################
#########################################
#########################################
#########################################
#########################################
#########################################
