version=1
-
top=1
left=1
bottom=41
right=41
light=0
monst=1
level=1
start=2,2
-
######m##################################
#%     o  Z       #          Z X#       #
#######S#Z####### # ############# ### # #
#     # # #       #       #       #   # #
#     # # # ####### ####### # ##### ### #
###[### # #       #         #     # #   #
# # #m# # ####### ############### # # ###
# #     # #     #     #     #   # # #   #
# ####### # ##### ### ##### # # ### ### #
#     # # #         #     # # # #   #   #
# ### # # ############### # # # # # # ###
# # #   #   #       #X  #   # # # # #   #
# # ####### # # ### ###Z# ### # # # ### #
#   #     # # # #   #   #     #   #   # #
### # ### # # # # ### ############### # #
#   # #   #   # #   # #           #   # #
# # # # ####### ### # # ######### # ### #
# #   # # # #   #   # #   #     #   #   #
# ##### ##### ### ### ##### ### ##### ###
# #   #       # # # #     #   # #   #   #
# ### # # ####### # # ### ### # # # ### #
# #   # #       # # #   #   # #   #   # #
# # ### ####### # # ####### # ##### ### #
#   # #   #     #   #hAh#   # #     #   #
# ### ### ###########L  # ### # ##### ###
#       #   #     Z #  p#     #   # # # #
####### ### # ##### #GP## ####### # # # #
#         #   #   #X#T###       #   # # #
# ############# # ##### # ####### # # # #
#     # Z     # # #   # # #     # # #   #
##### # ##### # # # # # ### ### ### # # #
#   # #X#     # #   # #   #   #     # # #
### # ### # ### ##### # # ####### ### ###
#   #   # # # #     #   #       #   #   #
# # ### # # # # # ############# ### ### #
# # # #   # # # #   #X  #     #     #   #
# # # # # # # # ### ###Z# ### # ##### ###
# # #   # #   # # #     # #   #       # #
# ### ######### # ####### ##### ####### #
#             #         #               #
#########################################

top=1
left=1
bottom=37
right=41
light=0
monst=1
level=0
-
####$$$$$$$$$$$$$$$$$$$$$$$$$$###$$$$$$$$
# T#$$$$$$$$$$$$$$$$$$$$$$$$$$#o#$$$$$$$$
####$$$$$$$$$$$$$$$$$$$$$$$$$$###$$$$$$$$
$$$$$$$$$$$$$$$$$$$$$$$$$$$$$$$$$$$$$$$$$
$$$$$$$$$$$$$$$$$$$$$$$$$$$$$$$$$$$$$$$$$
$$$$$$$$$$$$$$$$$$$$$$$$$$$$$$$$$$$$$$$$$
$$$$$$$$$$$$$$$$$$$$$$$$$$$$$$$$$$$$$$$$$
$$$$$$$$$$$$$$$$$$$$$$$$$$$$$$$$$$$$$$$$$
$$$$$$$$$$$$$$$$$$$$$$$$$$$$$$$$$$$$$$$$$
$$$$$$$$$$$$$$$$$$$$$$$$$$$$$$$$$$$$$$$$$
$$$$$$$$$$$$$$$$$$$$###$$$$$$$$$$$$$$$$$$
$$$$$$$$$$$$$$$$$$$$#o#$$$$$$$$$$$$$$$$$$
$$$$$$$$$$$$$$$$$$$$###$$$$$$$$$$$$$$$$$$
$$$$$$$$$$$$$$###########$$$$$$$$$$$$$$$$
$$$$$$$$$$$$$$#'''''''''#$$$$$$$$$$$$$$$$
$$$$$$$$$$$$$$#''''Q''''#$$$$$$$$$$$$$$$$
$$$$$$$$$$$$$$#''Q===Q''#$$$$$$$$$$$$$$$$
$$$$$$$$$$$$$$#''=====''#$$$$$$$$$$$$$$$$
$$$$$$$$$$$$$$#'Q=====Q'#$$$$$$$$$$$$$$$$
$$$$$$$$$$$$$$#''=====''#$$$$$$$$$$$$$$$$
$$$$$$$$$$$$$$#''Q===Q''#$$$$$$$$$$$$$$$$
$$$$$$$$$$$$$$#''''Q''''#$$$$$$$$$$$$$$$$
$$$$$$$$$$$$$$#'''''''''#$$$$$$$$$$$$$$$$
$$$$$$$$$$$$$$###########$$$$$$$$$$$$$$$$
$$$$$$$$$$$$$$$$$$$$$$$$$$$$$$$$$$$$$$$$$
$$$$$$$$$$$$$$$$$$$$$$$$$$$$$$$$$$$$$$$$$
$$$$$$$$$$$$$$$$$$###$$$$$$$$$$$$$$$$$$$$
$$$$$$$$$$$$$$$$$$#o#$$$$$$$$$$$$$$$$$$$$
$$$$$$$$$$$$$$$$$$###$$$$$$$$$$$$$$$$$$$$
$$$$$$$$$$$$$$$$$$$$$$$$$$$$$$$$$$$$$$$$$
$$$$$$###$$$$$$$$$$$$$$$$$$$$$$$$$$$$$$$$
$$$$$$#o#$$$$$$$$$$$$$$$$$$$$$$$$$$$$$$$$
$$$$$$###$$$$$$$$$$$$$$$$$$$$$$$$$$$$$$$$
$$$$$$$$$$$$$$$$$$$$$$$$$$$$$$$$$$$$$$$$$
$$$$$$$$$$$$$$$$$$$$###$$$$$$$$$$$$$$$$$$
$$$$$$$$$$$$$$$$$$$$#o#$$$$$$$$$$$$$$$$$$
$$$$$$$$$$$$$$$$$$$$###$$$$$$$$$$$$$$$$$$

top=1
left=1
bottom=41
right=41
light=0
ceiling=1
level=2
-
#########################################
#########################################
#########################################
#########################################
#########################################
#########################################
#########################################
#########################################
#########################################
#########################################
#########################################
#########################################
#########################################
#########################################
#########################################
#########################################
#########################################
#########################################
#########################################
#########################################
#########################################
#########################################
#########################################
#########################################
#########################################
#########################################
#########################################
#########################################
#########################################
#########################################
#########################################
#########################################
#########################################
#########################################
#########################################
#########################################
#########################################
#########################################
#########################################
#########################################
#########################################
