version=1
-
left=1
top=1
right=42
bottom=42
light=1
monst=0
level=1
start=21,36
-
##########################################
#'''*''''''''#######''''''########''''''*#
#'''''########Lel d#'''''=[ rrr  #####'''#
###[###P#f#P#      #'''''=# rrr  [   #'''#
#p   p#     #      #'''*'=+ #P####   #'''#
#     #  r  [      #'*'''=#####    eL#'''#
# hAh #  r  #     I#'''''=''#f Ah ####'''#
#     [  r  #  #+###'''''=''##    +''''||#
#     #p   p####'============##[###'''|||#
#    p###+###=====##+##'''''====''''|||||#
#[#+###''=====#####   ##+##'=''*'|||||||*#
#=========#####p [    #  ##'=''''''||||||#
#####'''''#I  h  ####[#  E#'=''''''''||||#
#   #''*''+  hA   p#     E#'=######+######
#   #''''|#e      ##[##  ##'=#p         p#
#   ]'''||#Ll #####'='#####'=#           #
#####''|||#####'''''=========#  ######   #
#'''''||||||''''=====''''''''#  #    [   #
####+###|||'''''=''''#########[##    #####
#Le    #||'''*''=''''#p hAh     [    #'''#
#l     #|'''''''=''*'+          #e   +'''#
#d     #######''=''''#    #######Lld #'''#
#      [     +''=''''#    [     ######'''#
##[#####     #''=''''######     +''''''''#
##   ###     [====='''''''###[###'''''*''#
#P   #I     p#''''============'''''''''''#
##   #I   ####''''=''''#####+########+##'#
####[###[##'''''''=====#p          [   #'#
##    h   #'''##+#[##'=#      h##### r #'#
#f   hAh  +'''#D D D#'=#     hA#   [   #'#
##        #'*'# D D #'=#   ##### r ##[##'#
##[######[#'''#D D D#'=#   #   [   #   #'#
#    #    #'''#######'=#[### r #####   #'#
#d   #    #''*''''''''=#   [   #Ah     #'#
#l   #    #'''''''''===[ r #####h      #'#
#Le  #    [==========''#   [          p#'#
##+####+###'''''*''''''##+########+#####'#
#''''''''''''''''''''''''''''''''''*'''''#
#'''*''''''*''''''''''''*''''''''''''''''#
#''''''''''''''''''''''''''''*''''''''*''#
#'''''*''''''''''*''''''''''''''''''''''*#
####################@#####################
